---
source: swiftide-macros/src/tool/mod.rs
expression: "crate::test_utils::pretty_macro_output(&output)"
---
#[derive(
    ::swiftide::reexports::serde::Serialize,
    ::swiftide::reexports::serde::Deserialize
)]
struct SearchCodeArgs<'a> {
    pub code_query: &'a str,
    pub other: &'a str,
}
#[derive(Clone, Default)]
pub struct SearchCode {}
pub fn search_code() -> SearchCode {
    SearchCode {}
}
impl SearchCode {
    pub async fn search_code(
        &self,
        context: &dyn AgentContext,
        code_query: &str,
        other: &str,
    ) -> Result<ToolOutput> {
        return Ok("hello".into());
    }
}
#[::swiftide::reexports::async_trait::async_trait]
impl ::swiftide::traits::Tool for SearchCode {
    async fn invoke(
        &self,
        agent_context: &dyn ::swiftide::traits::AgentContext,
        raw_args: Option<&str>,
    ) -> ::swiftide::reexports::anyhow::Result<::swiftide::chat_completion::ToolOutput> {
        let Some(args) = raw_args else {
            ::swiftide::reexports::anyhow::bail!(
                "No arguments provided for {}", "search_code"
            )
        };
        let args: SearchCodeArgs = ::swiftide::reexports::serde_json::from_str(&args)?;
        return self.search_code(agent_context, args.code_query, args.other).await;
    }
    fn name(&self) -> &'static str {
        "search_code"
    }
    fn json_spec(&self) -> ::swiftide::chat_completion::JsonSpec {
        "{\"description\":\"Hello world tool\",\"name\":\"search_code\",\"parameters\":{\"code_query\":{\"description\":\"my param description\",\"type\":\"string\"},\"other\":{\"description\":\"my param description\",\"type\":\"string\"}}}"
    }
}
