---
source: swiftide-indexing/src/transformers/metadata_summary.rs
expression: prompt.render().await.unwrap()
---
# Task

Your task is to generate a descriptive, concise summary for the given text

# Constraints

- Only respond in the example format
- Respond with a summary that is accurate and descriptive without fluff
- Only include information that is included in the text

# Example

Respond in the following example format and do not include anything else:

```
<summary>
```

# Text

```
test
```
